// Jest Snapshot v1, https://goo.gl/fbAQLP

exports[`Row component should include passed in props in 'button' DOM element 1`] = `"<div class=\\"row\\" id=\\"test\\"><div class=\\"row-content\\">test</div></div>"`;

exports[`Row component should renderer snapshot 1`] = `"<div class=\\"row\\"><div class=\\"row-content\\">test</div></div>"`;

exports[`Row component should wrap child elements 1`] = `"<div class=\\"row\\"><div class=\\"row-content\\"><span>test</span></div></div>"`;
